🧱 UI-CLI Sandbox 
? Select a component to test: › - Use arrow-keys. Return to submit.
❯   Alert
    Badge
    Toast
    Table
    Tabs
    Breadcrumbs
    Steps
    Input
    Password
  ↓ Toggle
✔ Select a component to test: › Alert
? Sandbox > Alert. Choose variation: › - Use arrow-keys. Return to submit.
❯   [Variant] Default
    + Create New Variant
    ← Back to Components