__   _ _______ __   _     _  _  _ _______ ______ 
| \  | |_____| | \  |     |  |  | |______ |_____] 
|  \_| |     | |  \_|  •  |__|__| |______ |_____] 
View Components Demo
--- BADGES ---
Status:  Online    Offline    Error 
Level:   Info      Warning 
--- TOASTS ---
✔ Operation successful
ℹ System update available
⚠ Low disk space
✖ Connection failed
--- ALERTS ---
━━━━━━━━━━━━━━━━━━━━━━━━━━━━━━━━━━━━━━━━━━━━━━━━━━━━━━━━━━━━
   This is a standard info alert.
   It captures attention without being alarmist.
━━━━━━━━━━━━━━━━━━━━━━━━━━━━━━━━━━━━━━━━━━━━━━━━━━━━━━━━━━━━
━━━━━━━━━━━━━━━━━━━━━━━━━━━━━━━━━━━━━━━━━━━━━━━━━━━━━━━━━━━━
 ✔ Great Success 
────────────────────────────────────────────────────────────
   Deployment completed successfully!
   All tests passed.
━━━━━━━━━━━━━━━━━━━━━━━━━━━━━━━━━━━━━━━━━━━━━━━━━━━━━━━━━━━━
━━━━━━━━━━━━━━━━━━━━━━━━━━━━━━━━━━━━━━━━━━━━━━━━━━━━━━━━━━━━
 ⚠ Security Warning 
────────────────────────────────────────────────────────────
   Dependencies are outdated.
   Run update to fix security issues.
━━━━━━━━━━━━━━━━━━━━━━━━━━━━━━━━━━━━━━━━━━━━━━━━━━━━━━━━━━━━
━━━━━━━━━━━━━━━━━━━━━━━━━━━━━━━━━━━━━━━━━━━━━━━━━━━━━━━━━━━━
 ✖ Fatal Error 
────────────────────────────────────────────────────────────
   Critical system failure.
   Unable to connect to database.
━━━━━━━━━━━━━━━━━━━━━━━━━━━━━━━━━━━━━━━━━━━━━━━━━━━━━━━━━━━━
Press any key to continue...