__   _ _______ __   _     _  _  _ _______ ______ 
| \  | |_____| | \  |     |  |  | |______ |_____] 
|  \_| |     | |  \_|  •  |__|__| |______ |_____] 
Advanced Form Demo
Testing password masking and boolean fields.
? Login *:  › 78? Login *:  › a78? Login *:  › ad78? Login *:  › adv78? Login *:  › adv_78? Login *:  › adv_u78? Login *:  › adv_us78? Login *:  › adv_use78? Login *:  › adv_user78? Login *:  › adv_userp78? Login *:  › adv_userpa78? Login *:  › adv_userpas78? Login *:  › adv_userpass78? Login *:  › adv_userpass178? Login *:  › adv_userpass1278? Login *:  › adv_userpass12378? Login *:  › adv_userpass123478? Login *:  › adv_userpass1234578? Login *:  › adv_userpass12345678? Login *:  › adv_userpass123456778? Login *:  › adv_userpass1234567878? Login *:  › adv_userpass12345678978? Login *:  › adv_userpass123456789078? Login *:  › adv_userpass1234567890278? Login *:  › adv_userpass12345678902578✔ Login *:  … adv_userpass12345678902578



? Password *:  › 78? Password *:  › y78✔ Password *:  … y78
? Phone *: › 78? Phone *: › n78? Phone *: › n7
› Format must be: (###) ###-####8? Phone *: › nA7
› Format must be: (###) ###-####8? Phone *: › nAd7
› Format must be: (###) ###-####8? Phone *: › nAdm7
› Format must be: (###) ###-####8? Phone *: › nAdmi7
› Format must be: (###) ###-####8? Phone *: › nAdmin7
› Format must be: (###) ###-####8? Phone *: › nAdmin7
› Format must be: (###) ###-####8