🧱 UI-CLI Sandbox 
? Select a component to test: › - Use arrow-keys. Return to submit.
❯   Alert
    Badge
    Toast
    Table
    Tabs
    Breadcrumbs
    Steps
    Input
    Password
  ↓ Toggle
✔ Select a component to test: › Alert
? Sandbox > Alert. Choose variation: › - Use arrow-keys. Return to submit.
❯   [Variant] Default
    + Create New Variant
    ← Back to Components
✔ Sandbox > Alert. Choose variation: › [Variant] Default
==================================================
 Sandbox: > Alert > Default < 
==================================================
👀 LIVE PREVIEW:
━━━━━━━━━━━━━━━━━━━━━━━━━━━━━━━━━━━━━━━━━━━━━━━━━━━━━━━━━━━━
 ℹ Attention  
────────────────────────────────────────────────────────────
   This is a sandbox alert preview.
━━━━━━━━━━━━━━━━━━━━━━━━━━━━━━━━━━━━━━━━━━━━━━━━━━━━━━━━━━━━
==================================================
? Variant Options: › - Use arrow-keys. Return to submit.
❯   > Edit title (curr: Attention)
    > Edit message (curr: This is a sandbox...)
    > Edit variant (curr: info)
    ↺ Reset to Defaults
    ← Back
✔ Variant Options: › > Edit title (curr: Attention)
? Enter alert title: › Attention78? Enter alert title: › T78? Enter alert title: › Te78? Enter alert title: › Tes78? Enter alert title: › Test78? Enter alert title: › TestV78? Enter alert title: › TestVa78? Enter alert title: › TestVar78✔ Enter alert title: … TestVar78
==================================================
 Sandbox: > Alert > Default < 
==================================================
👀 LIVE PREVIEW:
━━━━━━━━━━━━━━━━━━━━━━━━━━━━━━━━━━━━━━━━━━━━━━━━━━━━━━━━━━━━
 ℹ TestVar  
────────────────────────────────────────────────────────────
   This is a sandbox alert preview.
━━━━━━━━━━━━━━━━━━━━━━━━━━━━━━━━━━━━━━━━━━━━━━━━━━━━━━━━━━━━
==================================================
? Variant Options: › - Use arrow-keys. Return to submit.
❯   > Edit title (curr: TestVar)
    > Edit message (curr: This is a sandbox...)
    > Edit variant (curr: info)
    ↺ Reset to Defaults
    ← Back
✔ Variant Options: › > Edit title (curr: TestVar)
? Enter alert title: › TestVar78? Enter alert title: › ←78? Enter alert title: › ← 78? Enter alert title: › ← B78? Enter alert title: › ← Ba78? Enter alert title: › ← Bac78? Enter alert title: › ← Back78? Enter alert title: › ← Back 78? Enter alert title: › ← Back t78? Enter alert title: › ← Back to78? Enter alert title: › ← Back to 78? Enter alert title: › ← Back to C78? Enter alert title: › ← Back to Co78? Enter alert title: › ← Back to Com78? Enter alert title: › ← Back to Comp78? Enter alert title: › ← Back to Compo78? Enter alert title: › ← Back to Compon78? Enter alert title: › ← Back to Compone78? Enter alert title: › ← Back to Componen78? Enter alert title: › ← Back to Component78? Enter alert title: › ← Back to Components78✔ Enter alert title: … ← Back to Components78
==================================================
 Sandbox: > Alert > Default < 
==================================================
👀 LIVE PREVIEW:
━━━━━━━━━━━━━━━━━━━━━━━━━━━━━━━━━━━━━━━━━━━━━━━━━━━━━━━━━━━━
 ℹ ← Back to Components  
────────────────────────────────────────────────────────────
   This is a sandbox alert preview.
━━━━━━━━━━━━━━━━━━━━━━━━━━━━━━━━━━━━━━━━━━━━━━━━━━━━━━━━━━━━
==================================================
? Variant Options: › - Use arrow-keys. Return to submit.
❯   > Edit title (curr: ← Back to Components)
    > Edit message (curr: This is a sandbox...)
    > Edit variant (curr: info)
    ↺ Reset to Defaults
    ← Back
✔ Variant Options: › > Edit title (curr: ← Back to Components)
? Enter alert title: › ← Back to Components78