__   _ _______ __   _     _  _  _ _______ ______ 
| \  | |_____| | \  |     |  |  | |______ |_____] 
|  \_| |     | |  \_|  •  |__|__| |______ |_____] 
Розширена форма
Тестування маскування пароля та булевих полів.
✔ Логін *: adv_user
✔ Пароль *:****
✔ Телефон *: (123) 456-7890
✔ Вік користувача *: 25
✔ Підписатися на розсилку: Так
✔ Запам'ятати мене? Ні
? Виберіть ваші ролі: › (Пробіл - вибрати, Enter - завершити) 
Інструкції:
    ↑/↓: Підсвітити опцію
    ←/→/[space]: Вибрати/Зняти
    a: Вибрати всі
    enter/return: Завершити вибір
◯   Адмін
◯   Редактор
◯   Глядач? Виберіть ваші ролі: › (Пробіл - вибрати, Enter - завершити) 
Інструкції:
    ↑/↓: Підсвітити опцію
    ←/→/[space]: Вибрати/Зняти
    a: Вибрати всі
    enter/return: Завершити вибір
◉   Адмін
◉   Редактор
◉   Глядач✔ Виберіть ваші ролі: › Адмін, Редактор, Глядач
Форму надіслано!
Дані форми (пароль приховано):
{"username":"adv_user","password":"********","phone":"1234567890","age":"25","newsletter":true,"rememberMe":false,"roles":["Admin","Editor","Viewer"]}