__   _ _______ __   _     _  _  _ _______ ______ 
| \  | |_____| | \  |     |  |  | |______ |_____] 
|  \_| |     | |  \_|  •  |__|__| |______ |_____] 
Виберіть демо для запуску:
 1) Базове логування
 2) Вибір зі списку
 3) Просте демо
 4) Ввід через форму
 5) Повідомлення
 6) Перегляд компонентів
 7) Навігаційні компоненти
 8) Перегляд дерева
 9) Фільтрація таблиці
 10) Миттєва таблиця
 11) Автодоповнення
 12) Великий список
 13) Розширена форма
 14) Перемикач
 15) Повзунок
 16) Прогрес
 17) Спінер
 18) Дата та час
  ↓ (1 ще)
✔  13
Розширена форма
Тестування маскування пароля та булевих полів.
✔ Логін *:  adv_user
✔ Пароль *: ****
Телефон 1234567890
✔ Вік користувача *:  25
✔ Підписатися на розсилку y
✔ Запам'ятати мене? Admin
Виберіть ваші ролі 19
Форму надіслано!
Дані форми (пароль приховано):
{"username":"adv_user","password":"********","phone":"1234567890","age":"25","newsletter":true,"rememberMe":false,"roles":["19"]}
==================================================
Демо завершено. Повернення до меню...
==================================================
? Виберіть демо для запуску: › - Use arrow-keys. Return to submit.
❯   Базове логування
    Вибір зі списку
    Просте демо
    Ввід через форму
    Повідомлення
    Перегляд компонентів
    Навігаційні компоненти
    Перегляд дерева
    Фільтрація таблиці
  ↓ Миттєва таблиця
✔ Виберіть демо для запуску: › Базове логування
Логування
✓ Логгер ініціалізовано
✓ Це демо просто виводить лог-повідомлення
==================================================
Демо завершено. Повернення до меню...
==================================================
? Виберіть демо для запуску: › - Use arrow-keys. Return to submit.
❯   Базове логування
    Вибір зі списку
    Просте демо
    Ввід через форму
    Повідомлення
    Перегляд компонентів
    Навігаційні компоненти
    Перегляд дерева
    Фільтрація таблиці
  ↓ Миттєва таблиця
✔ Виберіть демо для запуску: › Базове логування
Логування
✓ Логгер ініціалізовано
✓ Це демо просто виводить лог-повідомлення
==================================================
Демо завершено. Повернення до меню...
==================================================
? Виберіть демо для запуску: › - Use arrow-keys. Return to submit.
❯   Базове логування
    Вибір зі списку
    Просте демо
    Ввід через форму
    Повідомлення
    Перегляд компонентів
    Навігаційні компоненти
    Перегляд дерева
    Фільтрація таблиці
  ↓ Миттєва таблиця
✔ Виберіть демо для запуску: › Базове логування
Логування
✓ Логгер ініціалізовано
✓ Це демо просто виводить лог-повідомлення
==================================================
Демо завершено. Повернення до меню...
==================================================
? Виберіть демо для запуску: › - Use arrow-keys. Return to submit.
❯   Базове логування
    Вибір зі списку
    Просте демо
    Ввід через форму
    Повідомлення
    Перегляд компонентів
    Навігаційні компоненти
    Перегляд дерева
    Фільтрація таблиці
  ↓ Миттєва таблиця
✔ Виберіть демо для запуску: › Базове логування
Логування
✓ Логгер ініціалізовано
✓ Це демо просто виводить лог-повідомлення
==================================================
Демо завершено. Повернення до меню...
==================================================
? Виберіть демо для запуску: › - Use arrow-keys. Return to submit.
❯   Базове логування
    Вибір зі списку
    Просте демо
    Ввід через форму
    Повідомлення
    Перегляд компонентів
    Навігаційні компоненти
    Перегляд дерева
    Фільтрація таблиці
  ↓ Миттєва таблиця
✔ Виберіть демо для запуску: › Базове логування
Логування
✓ Логгер ініціалізовано
✓ Це демо просто виводить лог-повідомлення
==================================================
Демо завершено. Повернення до меню...
==================================================
? Виберіть демо для запуску: › - Use arrow-keys. Return to submit.
❯   Базове логування
    Вибір зі списку
    Просте демо
    Ввід через форму
    Повідомлення
    Перегляд компонентів
    Навігаційні компоненти
    Перегляд дерева
    Фільтрація таблиці
  ↓ Миттєва таблиця
✔ Виберіть демо для запуску: › Базове логування
Логування
✓ Логгер ініціалізовано
✓ Це демо просто виводить лог-повідомлення
==================================================
Демо завершено. Повернення до меню...
==================================================
? Виберіть демо для запуску: › - Use arrow-keys. Return to submit.
❯   Базове логування
    Вибір зі списку
    Просте демо
    Ввід через форму
    Повідомлення
    Перегляд компонентів
    Навігаційні компоненти
    Перегляд дерева
    Фільтрація таблиці
  ↓ Миттєва таблиця
✔ Виберіть демо для запуску: › Базове логування
Логування
✓ Логгер ініціалізовано
✓ Це демо просто виводить лог-повідомлення
==================================================
Демо завершено. Повернення до меню...
==================================================
? Виберіть демо для запуску: › - Use arrow-keys. Return to submit.
❯   Базове логування
    Вибір зі списку
    Просте демо
    Ввід через форму
    Повідомлення
    Перегляд компонентів
    Навігаційні компоненти
    Перегляд дерева
    Фільтрація таблиці
  ↓ Миттєва таблиця
✔ Виберіть демо для запуску: › Базове логування
Логування
✓ Логгер ініціалізовано
✓ Це демо просто виводить лог-повідомлення
==================================================
Демо завершено. Повернення до меню...
==================================================
? Виберіть демо для запуску: › - Use arrow-keys. Return to submit.
❯   Базове логування
    Вибір зі списку
    Просте демо
    Ввід через форму
    Повідомлення
    Перегляд компонентів
    Навігаційні компоненти
    Перегляд дерева
    Фільтрація таблиці
  ↓ Миттєва таблиця