__   _ _______ __   _     _  _  _ _______ ______ 
| \  | |_____| | \  |     |  |  | |______ |_____] 
|  \_| |     | |  \_|  •  |__|__| |______ |_____] 
Демо форми – Використання кастомного класу форми
Заповнення форми користувача... (використовує зумовлену послідовність)
Унікальне ім'я користувача []: snap_user
Вік користувача * [18]: 25
Улюблений колір
 1) Червоний
 2) Зелений
 3) Синій
Виберіть: 2
Форму успішно заповнено!
Користувач: snap_user, Вік: 25, Колір: Зелений