__   _ _______ __   _     _  _  _ _______ ______ 
| \  | |_____| | \  |     |  |  | |______ |_____] 
|  \_| |     | |  \_|  •  |__|__| |______ |_____] 
Демо навігаційних компонентів
--- ШЛЯХ (BREADCRUMBS) ---
Головна › NanoWeb › UI-CLI › Демо
Користувачі / Адмін / Налаштування
--- ВКЛАДКИ (TABS) ---
 Загальні │ Профіль │ Безпека │ Сповіщення 
 Загальні │ Профіль │ Безпека │ Сповіщення 
--- КРОКИ (WIZARD) ---
● Кошик ─ ○ Доставка ─ ○ Оплата ─ ○ Перевірка
✔ Кошик ─ ● Доставка ─ ○ Оплата ─ ○ Перевірка
✔ Кошик ─ ✔ Доставка ─ ● Оплата ─ ○ Перевірка
✔ Кошик ─ ✔ Доставка ─ ✔ Оплата ─ ● Перевірка
Натисніть будь-яку клавішу...