__   _ _______ __   _     _  _  _ _______ ______ 
| \  | |_____| | \  |     |  |  | |______ |_____] 
|  \_| |     | |  \_|  •  |__|__| |______ |_____] 
Object Map Form Demo – Premium UX
Entering Object Map interface...
📝 Редагування: Branch
 1) Адреса: []
 2) Місто: []
 3) На чергуванні: []
 4) Тип: []
 5) ──────────────────────────
 6) ✅ Зберегти та вийти
 7) ❌ Скасувати зміни
✔  Адреса
📝 Редагування: Branch
 1) Адреса: []
 2) Місто: []
 3) На чергуванні: []
 4) Тип: []
 5) ──────────────────────────
 6) ✅ Зберегти та вийти
 7) ❌ Скасувати зміни
✔  Київська 10
📝 Редагування: Branch
 1) Адреса: []
 2) Місто: []
 3) На чергуванні: []
 4) Тип: []
 5) ──────────────────────────
 6) ✅ Зберегти та вийти
 7) ❌ Скасувати зміни
✔  _save
Data Saved:
{}