__   _ _______ __   _     _  _  _ _______ ______ 
| \  | |_____| | \  |     |  |  | |______ |_____] 
|  \_| |     | |  \_|  •  |__|__| |______ |_____] 
Виберіть демо для запуску:
 1) Базове логування
 2) Вибір зі списку
 3) Просте демо
 4) Ввід через форму
 5) Повідомлення
 6) Перегляд компонентів
 7) Навігаційні компоненти
 8) Перегляд дерева
 9) Фільтрація таблиці
 10) Миттєва таблиця
 11) Автодоповнення
 12) Великий список
 13) Розширена форма
 14) Перемикач
 15) Повзунок
 16) Прогрес
 17) Спінер
 18) Дата та час
  ↓ (1 ще)
✔  14
✔ Підписатися на розсилку y
✓ Ви обрали: Так
==================================================
Демо завершено. Повернення до меню...
==================================================
Виберіть демо для запуску:
 1) Базове логування
 2) Вибір зі списку
 3) Просте демо
 4) Ввід через форму
 5) Повідомлення
 6) Перегляд компонентів
 7) Навігаційні компоненти
 8) Перегляд дерева
 9) Фільтрація таблиці
 10) Миттєва таблиця
 11) Автодоповнення
 12) Великий список
 13) Розширена форма
 14) Перемикач
 15) Повзунок
 16) Прогрес
 17) Спінер
 18) Дата та час
  ↓ (1 ще)
✔  19
Дякуємо, що спробували UI‑CLI! 🚀