__   _ _______ __   _     _  _  _ _______ ______ 
| \  | |_____| | \  |     |  |  | |______ |_____] 
|  \_| |     | |  \_|  •  |__|__| |______ |_____] 
Демо перегляду дерева
Сценарій 1: Вибір файлу (Статичне дерево)
[TREE] Оберіть файл:
* [-] project
  . [-] src
  . .     index.js
  . .     utils.js
  . [-] docs
  . .     setup.md
  .     package.json
  .     README.md
===
[TREE] Оберіть файл:
  [-] project
  . [-] src
  . .     index.js
  . .     utils.js
  . [-] docs
  . .     setup.md
  .     package.json
* .     README.md
===
✔ Оберіть файл: [RESULT] README.md
===
Ви обрали: /Users/i/src/nan.web/packages/ui-cli/project/README.md