__   _ _______ __   _     _  _  _ _______ ______ 
| \  | |_____| | \  |     |  |  | |______ |_____] 
|  \_| |     | |  \_|  •  |__|__| |______ |_____] 
Select demo to run:
 1) Basic Logging
 2) Select Prompt
 3) Simple Demo
 4) Form Input
 5) UiMessage
 6) View Components
 7) Nav Components
 8) Tree View
 9) Table Filtering
 10) Instant Table
 11) Autocomplete
 12) Long List
 13) Advanced Form
 14) Toggle
 15) Slider
 16) ProgressBar
 17) Spinner
 18) Date & Time
  ↓ (1 more)
✔  8
Tree View Demo
Scenario 1: Select a File (Static Tree)
? Select a file:
▶ 📁 ui-cli
(Use arrow keys to navigate, Enter to confirm)? Select a file:
▶ 📁 ui-cli
(Use arrow keys to navigate, Enter to confirm)? Select a file:
▼ 📁 ui-cli
  ▶ 📁 .cache
  ▶ 📁 .datasets
  ▶ 📁 .husky
  ▶ 📁 chat
  ▶ 📁 docs
  ▶ 📁 play
  ▶ 📁 src
  ▶ 📁 types
  ▶ 📁 Users
(Use arrow keys to navigate, Enter to confirm)? Select a file:
▼ 📁 ui-cli
  ▶ 📁 .cache
  ▶ 📁 .datasets
  ▶ 📁 .husky
  ▶ 📁 chat
  ▶ 📁 docs
  ▶ 📁 play
  ▶ 📁 src
  ▶ 📁 types
  ▶ 📁 Users
(Use arrow keys to navigate, Enter to confirm)? Select a file:
▼ 📁 ui-cli
  ▶ 📁 .cache
  ▶ 📁 .datasets
  ▶ 📁 .husky
  ▶ 📁 chat
  ▶ 📁 docs
  ▶ 📁 play
  ▶ 📁 src
  ▶ 📁 types
  ▶ 📁 Users
(Use arrow keys to navigate, Enter to confirm)? Select a file:
  ▶ 📁 .husky
  ▶ 📁 chat
  ▶ 📁 docs
  ▶ 📁 play
  ▶ 📁 src
  ▶ 📁 types
  ▶ 📁 Users
    📄 .editorconfig
    📄 .gitignore
    📄 CONTRIBUTING.md
(Use arrow keys to navigate, Enter to confirm)? Select a file:
  ▶ 📁 docs
  ▶ 📁 play
  ▶ 📁 src
  ▶ 📁 types
  ▶ 📁 Users
    📄 .editorconfig
    📄 .gitignore
    📄 CONTRIBUTING.md
    📄 FEATURES.md
    📄 knip.json
(Use arrow keys to navigate, Enter to confirm)? Select a file:
  ▶ 📁 docs
  ▶ 📁 play
  ▶ 📁 src
  ▶ 📁 types
  ▶ 📁 Users
    📄 .editorconfig
    📄 .gitignore
    📄 CONTRIBUTING.md
    📄 FEATURES.md
    📄 knip.json
(Use arrow keys to navigate, Enter to confirm)? Select a file:
  ▶ 📁 docs
  ▶ 📁 play
  ▶ 📁 src
  ▶ 📁 types
  ▶ 📁 Users
    📄 .editorconfig
    📄 .gitignore
    📄 CONTRIBUTING.md
    📄 FEATURES.md
    📄 knip.json
(Use arrow keys to navigate, Enter to confirm)? Select a file:
  ▶ 📁 docs
  ▶ 📁 play
  ▶ 📁 src
  ▶ 📁 types
  ▶ 📁 Users
    📄 .editorconfig
    📄 .gitignore
    📄 CONTRIBUTING.md
    📄 FEATURES.md
    📄 knip.json
(Use arrow keys to navigate, Enter to confirm)? Select a file:
  ▶ 📁 .cache
  ▶ 📁 .datasets
  ▶ 📁 .husky
  ▶ 📁 chat
  ▶ 📁 docs
  ▶ 📁 play
  ▶ 📁 src
  ▶ 📁 types
  ▶ 📁 Users
    📄 .editorconfig
(Use arrow keys to navigate, Enter to confirm)? Select a file:
  ▶ 📁 .cache
  ▶ 📁 .datasets
  ▶ 📁 .husky
  ▶ 📁 chat
  ▶ 📁 docs
  ▶ 📁 play
  ▶ 📁 src
  ▶ 📁 types
  ▶ 📁 Users
    📄 .editorconfig
(Use arrow keys to navigate, Enter to confirm)? Select a file:
  ▶ 📁 .cache
  ▶ 📁 .datasets
  ▶ 📁 .husky
  ▶ 📁 chat
  ▶ 📁 docs
  ▶ 📁 play
  ▶ 📁 src
  ▶ 📁 types
  ▶ 📁 Users
    📄 .editorconfig
(Use arrow keys to navigate, Enter to confirm)? Select a file:
  ▶ 📁 .cache
  ▶ 📁 .datasets
  ▶ 📁 .husky
  ▶ 📁 chat
  ▶ 📁 docs
  ▶ 📁 play
  ▶ 📁 src
  ▶ 📁 types
  ▶ 📁 Users
    📄 .editorconfig
(Use arrow keys to navigate, Enter to confirm)? Select a file:
  ▶ 📁 .cache
  ▶ 📁 .datasets
  ▶ 📁 .husky
  ▶ 📁 chat
  ▶ 📁 docs
  ▶ 📁 play
  ▶ 📁 src
  ▶ 📁 types
  ▶ 📁 Users
    📄 .editorconfig
(Use arrow keys to navigate, Enter to confirm)? Select a file:
  ▶ 📁 .cache
  ▶ 📁 .datasets
  ▶ 📁 .husky
  ▶ 📁 chat
  ▶ 📁 docs
  ▶ 📁 play
  ▼ 📁 src
    ▶ 📁 components
    ▶ 📁 test
    ▶ 📁 ui
(Use arrow keys to navigate, Enter to confirm)? Select a file:
    📄 CONTRIBUTING.md
    📄 FEATURES.md
    📄 knip.json
    📄 LICENSE
    📄 MAINTENANCE.md
    📄 me.md
    📄 package-lock.json
    📄 package.json
    📄 README.md
    📄 system.md
(Use arrow keys to navigate, Enter to confirm)? Select a file:
      📄 README.md.js
  ▶ 📁 types
  ▶ 📁 Users
    📄 .editorconfig
    📄 .gitignore
    📄 CONTRIBUTING.md
    📄 FEATURES.md
    📄 knip.json
    📄 LICENSE
    📄 MAINTENANCE.md
(Use arrow keys to navigate, Enter to confirm)? Select a file:
      📄 README.md.js
  ▶ 📁 types
  ▶ 📁 Users
    📄 .editorconfig
    📄 .gitignore
    📄 CONTRIBUTING.md
    📄 FEATURES.md
    📄 knip.json
    📄 LICENSE
    📄 MAINTENANCE.md
(Use arrow keys to navigate, Enter to confirm)✔ Select a file: CONTRIBUTING.md
You selected: /Users/i/src/nan.web/packages/ui-cli/CONTRIBUTING.md
Scenario 2: Select a Directory (Async/Lazy)
? Select a directory:
▶ 📁 ui-cli
(Use arrow keys to navigate, Enter to confirm)? Select a directory:
▶ 📁 ui-cli
(Use arrow keys to navigate, Enter to confirm)✔ Select a directory: ui-cli
You selected: /Users/i/src/nan.web/packages/ui-cli
Scenario 3: Multi-Select Files
? Select files to delete:
▶ ◯ 📁 ui-cli
(Use arrow keys to navigate, Space to select, Enter to confirm)? Select files to delete:
▶ ◯ 📁 ui-cli
(Use arrow keys to navigate, Space to select, Enter to confirm)? Select files to delete:
▶ ◯ 📁 ui-cli
(Use arrow keys to navigate, Space to select, Enter to confirm)✔ Select files to delete: 0 selected
Selected 0 items: 
==================================================
Demo completed. Returning to menu...
==================================================
Select demo to run:
 1) Basic Logging
 2) Select Prompt
 3) Simple Demo
 4) Form Input
 5) UiMessage
 6) View Components
 7) Nav Components
 8) Tree View
 9) Table Filtering
 10) Instant Table
 11) Autocomplete
 12) Long List
 13) Advanced Form
 14) Toggle
 15) Slider
 16) ProgressBar
 17) Spinner
 18) Date & Time
  ↓ (1 more)
✔  package.json
Thanks for exploring UI‑CLI demos! 🚀