__   _ _______ __   _     _  _  _ _______ ______ 
| \  | |_____| | \  |     |  |  | |______ |_____] 
|  \_| |     | |  \_|  •  |__|__| |______ |_____] 
Демо перегляду дерева
Сценарій 1: Вибір файлу (Статичне дерево)
? Оберіть файл: › ui-cli78? Оберіть файл: › p78? Оберіть файл: › pa78? Оберіть файл: › pac78? Оберіть файл: › pack78? Оберіть файл: › packa78? Оберіть файл: › packag78? Оберіть файл: › package78? Оберіть файл: › package.78? Оберіть файл: › package.j78? Оберіть файл: › package.js78? Оберіть файл: › package.jso78? Оберіть файл: › package.json78✔ Оберіть файл: … package.json78
Ви обрали: package.json
Сценарій 3: Мульти-вибір файлів
? Оберіть файли для видалення: › ui-cli78? Оберіть файли для видалення: › a78✔ Оберіть файли для видалення: … a78
Обрано 1 об'єктів: a