__   _ _______ __   _     _  _  _ _______ ______ 
| \  | |_____| | \  |     |  |  | |______ |_____] 
|  \_| |     | |  \_|  •  |__|__| |______ |_____] 
Tree View Demo
Scenario 1: Select a File (Static Tree)
? Select a file: › ui-cli78? Select a file: › p78? Select a file: › pa78? Select a file: › pac78? Select a file: › pack78? Select a file: › packa78? Select a file: › packag78? Select a file: › package78? Select a file: › package.78? Select a file: › package.j78? Select a file: › package.js78? Select a file: › package.jso78? Select a file: › package.json78✔ Select a file: … package.json78
You selected: package.json