__   _ _______ __   _     _  _  _ _______ ______ 
| \  | |_____| | \  |     |  |  | |______ |_____] 
|  \_| |     | |  \_|  •  |__|__| |______ |_____] 
Виберіть демо для запуску:
 1) Базове логування
 2) Вибір зі списку
 3) Просте демо
 4) Ввід через форму
 5) Повідомлення
 6) Перегляд компонентів
 7) Навігаційні компоненти
 8) Перегляд дерева
 9) Фільтрація таблиці
 10) Миттєва таблиця
 11) Автодоповнення
 12) Великий список
 13) Розширена форма
 14) Перемикач
 15) Повзунок
 16) Прогрес
 17) Спінер
 18) Дата та час
  ↓ (1 ще)
✔  8
Демо перегляду дерева
Сценарій 1: Вибір файлу (Статичне дерево)
? Оберіть файл:
▶ 📁 ui-cli
(Стрілки для навігації, Enter - обрати)? Оберіть файл:
▶ 📁 ui-cli
(Стрілки для навігації, Enter - обрати)? Оберіть файл:
▼ 📁 ui-cli
  ▶ 📁 .cache
  ▶ 📁 .datasets
  ▶ 📁 .husky
  ▶ 📁 chat
  ▶ 📁 docs
  ▶ 📁 play
  ▶ 📁 src
  ▶ 📁 types
  ▶ 📁 Users
(Стрілки для навігації, Enter - обрати)? Оберіть файл:
▼ 📁 ui-cli
  ▶ 📁 .cache
  ▶ 📁 .datasets
  ▶ 📁 .husky
  ▶ 📁 chat
  ▶ 📁 docs
  ▶ 📁 play
  ▶ 📁 src
  ▶ 📁 types
  ▶ 📁 Users
(Стрілки для навігації, Enter - обрати)? Оберіть файл:
▼ 📁 ui-cli
  ▶ 📁 .cache
  ▶ 📁 .datasets
  ▶ 📁 .husky
  ▶ 📁 chat
  ▶ 📁 docs
  ▶ 📁 play
  ▶ 📁 src
  ▶ 📁 types
  ▶ 📁 Users
(Стрілки для навігації, Enter - обрати)? Оберіть файл:
  ▶ 📁 .husky
  ▶ 📁 chat
  ▶ 📁 docs
  ▶ 📁 play
  ▶ 📁 src
  ▶ 📁 types
  ▶ 📁 Users
    📄 .editorconfig
    📄 .gitignore
    📄 CONTRIBUTING.md
(Стрілки для навігації, Enter - обрати)? Оберіть файл:
  ▶ 📁 docs
  ▶ 📁 play
  ▶ 📁 src
  ▶ 📁 types
  ▶ 📁 Users
    📄 .editorconfig
    📄 .gitignore
    📄 CONTRIBUTING.md
    📄 FEATURES.md
    📄 knip.json
(Стрілки для навігації, Enter - обрати)? Оберіть файл:
  ▶ 📁 docs
  ▶ 📁 play
  ▶ 📁 src
  ▶ 📁 types
  ▶ 📁 Users
    📄 .editorconfig
    📄 .gitignore
    📄 CONTRIBUTING.md
    📄 FEATURES.md
    📄 knip.json
(Стрілки для навігації, Enter - обрати)? Оберіть файл:
  ▶ 📁 docs
  ▶ 📁 play
  ▶ 📁 src
  ▶ 📁 types
  ▶ 📁 Users
    📄 .editorconfig
    📄 .gitignore
    📄 CONTRIBUTING.md
    📄 FEATURES.md
    📄 knip.json
(Стрілки для навігації, Enter - обрати)? Оберіть файл:
  ▶ 📁 docs
  ▶ 📁 play
  ▶ 📁 src
  ▶ 📁 types
  ▶ 📁 Users
    📄 .editorconfig
    📄 .gitignore
    📄 CONTRIBUTING.md
    📄 FEATURES.md
    📄 knip.json
(Стрілки для навігації, Enter - обрати)? Оберіть файл:
  ▶ 📁 .cache
  ▶ 📁 .datasets
  ▶ 📁 .husky
  ▶ 📁 chat
  ▶ 📁 docs
  ▶ 📁 play
  ▶ 📁 src
  ▶ 📁 types
  ▶ 📁 Users
    📄 .editorconfig
(Стрілки для навігації, Enter - обрати)? Оберіть файл:
  ▶ 📁 .cache
  ▶ 📁 .datasets
  ▶ 📁 .husky
  ▶ 📁 chat
  ▶ 📁 docs
  ▶ 📁 play
  ▶ 📁 src
  ▶ 📁 types
  ▶ 📁 Users
    📄 .editorconfig
(Стрілки для навігації, Enter - обрати)? Оберіть файл:
  ▶ 📁 .cache
  ▶ 📁 .datasets
  ▶ 📁 .husky
  ▶ 📁 chat
  ▶ 📁 docs
  ▶ 📁 play
  ▶ 📁 src
  ▶ 📁 types
  ▶ 📁 Users
    📄 .editorconfig
(Стрілки для навігації, Enter - обрати)? Оберіть файл:
  ▶ 📁 .cache
  ▶ 📁 .datasets
  ▶ 📁 .husky
  ▶ 📁 chat
  ▶ 📁 docs
  ▶ 📁 play
  ▶ 📁 src
  ▶ 📁 types
  ▶ 📁 Users
    📄 .editorconfig
(Стрілки для навігації, Enter - обрати)? Оберіть файл:
  ▶ 📁 .cache
  ▶ 📁 .datasets
  ▶ 📁 .husky
  ▶ 📁 chat
  ▶ 📁 docs
  ▶ 📁 play
  ▶ 📁 src
  ▶ 📁 types
  ▶ 📁 Users
    📄 .editorconfig
(Стрілки для навігації, Enter - обрати)? Оберіть файл:
  ▶ 📁 .cache
  ▶ 📁 .datasets
  ▶ 📁 .husky
  ▶ 📁 chat
  ▶ 📁 docs
  ▶ 📁 play
  ▼ 📁 src
    ▶ 📁 components
    ▶ 📁 test
    ▶ 📁 ui
(Стрілки для навігації, Enter - обрати)? Оберіть файл:
    📄 CONTRIBUTING.md
    📄 FEATURES.md
    📄 knip.json
    📄 LICENSE
    📄 MAINTENANCE.md
    📄 me.md
    📄 package-lock.json
    📄 package.json
    📄 README.md
    📄 system.md
(Стрілки для навігації, Enter - обрати)? Оберіть файл:
      📄 README.md.js
  ▶ 📁 types
  ▶ 📁 Users
    📄 .editorconfig
    📄 .gitignore
    📄 CONTRIBUTING.md
    📄 FEATURES.md
    📄 knip.json
    📄 LICENSE
    📄 MAINTENANCE.md
(Стрілки для навігації, Enter - обрати)? Оберіть файл:
      📄 README.md.js
  ▶ 📁 types
  ▶ 📁 Users
    📄 .editorconfig
    📄 .gitignore
    📄 CONTRIBUTING.md
    📄 FEATURES.md
    📄 knip.json
    📄 LICENSE
    📄 MAINTENANCE.md
(Стрілки для навігації, Enter - обрати)✔ Оберіть файл: CONTRIBUTING.md
Ви обрали: /Users/i/src/nan.web/packages/ui-cli/CONTRIBUTING.md
Сценарій 2: Вибір папки (Асинхронно)
? Оберіть папку:
▶ 📁 ui-cli
(Стрілки для навігації, Enter - обрати)? Оберіть папку:
▶ 📁 ui-cli
(Стрілки для навігації, Enter - обрати)✔ Оберіть папку: ui-cli
Ви обрали: /Users/i/src/nan.web/packages/ui-cli
Сценарій 3: Мульти-вибір файлів
? Оберіть файли для видалення:
▶ ◯ 📁 ui-cli
(Стрілки для навігації, Пробіл - обрати, Enter - підтвердити)? Оберіть файли для видалення:
▶ ◯ 📁 ui-cli
(Стрілки для навігації, Пробіл - обрати, Enter - підтвердити)? Оберіть файли для видалення:
▶ ◯ 📁 ui-cli
(Стрілки для навігації, Пробіл - обрати, Enter - підтвердити)✔ Оберіть файли для видалення: 0 обрано
Обрано 0 об'єктів: 
==================================================
Демо завершено. Повернення до меню...
==================================================
Виберіть демо для запуску:
 1) Базове логування
 2) Вибір зі списку
 3) Просте демо
 4) Ввід через форму
 5) Повідомлення
 6) Перегляд компонентів
 7) Навігаційні компоненти
 8) Перегляд дерева
 9) Фільтрація таблиці
 10) Миттєва таблиця
 11) Автодоповнення
 12) Великий список
 13) Розширена форма
 14) Перемикач
 15) Повзунок
 16) Прогрес
 17) Спінер
 18) Дата та час
  ↓ (1 ще)
✔  package.json
Дякуємо, що спробували UI‑CLI! 🚀