__   _ _______ __   _     _  _  _ _______ ______ 
| \  | |_____| | \  |     |  |  | |______ |_____] 
|  \_| |     | |  \_|  •  |__|__| |______ |_____] 
UiMessage Демо – Форма за схемою
✔ Ім'я користувача *: snap_user
✔ Вік користувача *: 25
Улюблений колір
 1) Червоний
 2) Зелений
 3) Синій
✔ Виберіть (номер):  2
Форму заповнено!
Результат → {"username":"snap_user","age":25,"color":"Green"}