__   _ _______ __   _     _  _  _ _______ ______ 
| \  | |_____| | \  |     |  |  | |______ |_____] 
|  \_| |     | |  \_|  •  |__|__| |______ |_____] 
Демо повзунка
Оберіть гучність (0-100) 10
Обрано: 10
Оберіть швидкість (0-1000) 120
Обрано: 120
Оберіть винагороду (0-1M) 555000
Обрано: 555000
Оберіть об'єм диску (TB) 700
Обрано: 700