🧱 UI-CLI Sandbox 
Оберіть компонент для тестування:
 1) Alert
 2) Badge
 3) Toast
 4) Table
 5) Tabs
 6) Breadcrumbs
 7) Steps
 8) Input
 9) Пароль
 10) Перемикач
 11) Підтвердити
 12) Виберіть
 13) Multiselect
 14) Повзунок
 15) DateTime
  ↓ (5 ще)
✔  Toast
Пісочниця > Toast. Оберіть варіацію:
 1) [Варіант] Default
 2) + Створити новий варіант
 3) ← Назад до компонентів
✔  [Variant] Default
==================================================
 Sandbox: > Toast > Default < 
==================================================
👀 ЖИВИЙ ПЕРЕГЛЯД:
✔ Settings saved successfully.
==================================================
Опції варіанта:
 1) > Редагувати message (поточн: Settings saved su...)
 2) > Редагувати variant (поточн: success)
 3) ↺ Скинути до значень за замовчуванням
 4) ← Назад
✔  ← Back
Пісочниця > Toast. Оберіть варіацію:
 1) [Варіант] Default
 2) + Створити новий варіант
 3) ← Назад до компонентів
✔  + Create New Variant
✔ Введіть назву нового варіанта: TestVar
==================================================
 Sandbox: > Toast > TestVar < 
==================================================
👀 ЖИВИЙ ПЕРЕГЛЯД:
✔ Settings saved successfully.
==================================================
Опції варіанта:
 1) > Редагувати message (поточн: Settings saved su...)
 2) > Редагувати variant (поточн: success)
 3) ↺ Скинути до значень за замовчуванням
 4) ✖ Видалити варіант
 5) ← Назад
✔  ↺ Reset to Defaults
==================================================
 Sandbox: > Toast > TestVar < 
==================================================
👀 ЖИВИЙ ПЕРЕГЛЯД:
✔ Settings saved successfully.
==================================================
Опції варіанта:
 1) > Редагувати message (поточн: Settings saved su...)
 2) > Редагувати variant (поточн: success)
 3) ↺ Скинути до значень за замовчуванням
 4) ✖ Видалити варіант
 5) ← Назад
✔  ✖ Delete Variant
Пісочниця > Toast. Оберіть варіацію:
 1) [Варіант] Default
 2) + Створити новий варіант
 3) ← Назад до компонентів
✔  ← Back to Components
Оберіть компонент для тестування:
 1) Alert
 2) Badge
 3) Toast
 4) Table
 5) Tabs
 6) Breadcrumbs
 7) Steps
 8) Input
 9) Пароль
 10) Перемикач
 11) Підтвердити
 12) Виберіть
 13) Multiselect
 14) Повзунок
 15) DateTime
  ↓ (5 ще)
✔  ← Exit
Exiting Sandbox. 👋