🧱 UI-CLI Sandbox 
? Select a component to test: › - Use arrow-keys. Return to submit.
❯   Alert
    Badge
    Toast
    Table
    Tabs
    Breadcrumbs
    Steps
    Input
    Password
  ↓ Toggle
✔ Select a component to test: › Alert
? Sandbox > Alert. Choose variation: › - Use arrow-keys. Return to submit.
❯   [Variant] Default
    + Create New Variant
    ← Back to Components
✔ Sandbox > Alert. Choose variation: › [Variant] Default
==================================================
 Sandbox: > Alert > Default < 
==================================================
👀 LIVE PREVIEW:
━━━━━━━━━━━━━━━━━━━━━━━━━━━━━━━━━━━━━━━━━━━━━━━━━━━━━━━━━━━━
 ℹ ← Exit  
────────────────────────────────────────────────────────────
   This is a sandbox alert preview.
━━━━━━━━━━━━━━━━━━━━━━━━━━━━━━━━━━━━━━━━━━━━━━━━━━━━━━━━━━━━
==================================================
? Variant Options: › - Use arrow-keys. Return to submit.
❯   > Edit title (curr: ← Exit)
    > Edit message (curr: This is a sandbox...)
    > Edit variant (curr: info)
    ↺ Reset to Defaults
    ← Back
✔ Variant Options: › > Edit title (curr: ← Exit)
? Enter alert title: › ← Exit78? Enter alert title: › A78? Enter alert title: › Ap78? Enter alert title: › App78? Enter alert title: › Appl78? Enter alert title: › Apple78✔ Enter alert title: … Apple78
==================================================
 Sandbox: > Alert > Default < 
==================================================
👀 LIVE PREVIEW:
━━━━━━━━━━━━━━━━━━━━━━━━━━━━━━━━━━━━━━━━━━━━━━━━━━━━━━━━━━━━
 ℹ Apple  
────────────────────────────────────────────────────────────
   This is a sandbox alert preview.
━━━━━━━━━━━━━━━━━━━━━━━━━━━━━━━━━━━━━━━━━━━━━━━━━━━━━━━━━━━━
==================================================
? Variant Options: › - Use arrow-keys. Return to submit.
❯   > Edit title (curr: Apple)
    > Edit message (curr: This is a sandbox...)
    > Edit variant (curr: info)
    ↺ Reset to Defaults
    ← Back
✔ Variant Options: › > Edit title (curr: Apple)
? Enter alert title: › Apple78? Enter alert title: › +78? Enter alert title: › + 78? Enter alert title: › + C78? Enter alert title: › + Cr78? Enter alert title: › + Cre78? Enter alert title: › + Crea78? Enter alert title: › + Creat78? Enter alert title: › + Create78? Enter alert title: › + Create 78? Enter alert title: › + Create N78? Enter alert title: › + Create Ne78? Enter alert title: › + Create New78? Enter alert title: › + Create New 78? Enter alert title: › + Create New V78? Enter alert title: › + Create New Va78? Enter alert title: › + Create New Var78? Enter alert title: › + Create New Vari78? Enter alert title: › + Create New Varia78? Enter alert title: › + Create New Varian78? Enter alert title: › + Create New Variant78✔ Enter alert title: … + Create New Variant78
==================================================
 Sandbox: > Alert > Default < 
==================================================
👀 LIVE PREVIEW:
━━━━━━━━━━━━━━━━━━━━━━━━━━━━━━━━━━━━━━━━━━━━━━━━━━━━━━━━━━━━
 ℹ + Create New Variant  
────────────────────────────────────────────────────────────
   This is a sandbox alert preview.
━━━━━━━━━━━━━━━━━━━━━━━━━━━━━━━━━━━━━━━━━━━━━━━━━━━━━━━━━━━━
==================================================
? Variant Options: › - Use arrow-keys. Return to submit.
❯   > Edit title (curr: + Create New Variant)
    > Edit message (curr: This is a sandbox...)
    > Edit variant (curr: info)
    ↺ Reset to Defaults
    ← Back
✔ Variant Options: › > Edit title (curr: + Create New Variant)
? Enter alert title: › + Create New Variant78? Enter alert title: › ✖78? Enter alert title: › ✖ 78? Enter alert title: › ✖ D78? Enter alert title: › ✖ De78? Enter alert title: › ✖ Del78? Enter alert title: › ✖ Dele78? Enter alert title: › ✖ Delet78? Enter alert title: › ✖ Delete78? Enter alert title: › ✖ Delete 78? Enter alert title: › ✖ Delete V78? Enter alert title: › ✖ Delete Va78? Enter alert title: › ✖ Delete Var78? Enter alert title: › ✖ Delete Vari78? Enter alert title: › ✖ Delete Varia78? Enter alert title: › ✖ Delete Varian78? Enter alert title: › ✖ Delete Variant78✔ Enter alert title: … ✖ Delete Variant78
==================================================
 Sandbox: > Alert > Default < 
==================================================
👀 LIVE PREVIEW:
━━━━━━━━━━━━━━━━━━━━━━━━━━━━━━━━━━━━━━━━━━━━━━━━━━━━━━━━━━━━
 ℹ ✖ Delete Variant  
────────────────────────────────────────────────────────────
   This is a sandbox alert preview.
━━━━━━━━━━━━━━━━━━━━━━━━━━━━━━━━━━━━━━━━━━━━━━━━━━━━━━━━━━━━
==================================================
? Variant Options: › - Use arrow-keys. Return to submit.
❯   > Edit title (curr: ✖ Delete Variant)
    > Edit message (curr: This is a sandbox...)
    > Edit variant (curr: info)
    ↺ Reset to Defaults
    ← Back
✔ Variant Options: › > Edit title (curr: ✖ Delete Variant)
? Enter alert title: › ✖ Delete Variant78? Enter alert title: › ←78? Enter alert title: › ← 78? Enter alert title: › ← E78? Enter alert title: › ← Ex78? Enter alert title: › ← Exi78? Enter alert title: › ← Exit78✔ Enter alert title: … ← Exit78
==================================================
 Sandbox: > Alert > Default < 
==================================================
👀 LIVE PREVIEW:
━━━━━━━━━━━━━━━━━━━━━━━━━━━━━━━━━━━━━━━━━━━━━━━━━━━━━━━━━━━━
 ℹ ← Exit  
────────────────────────────────────────────────────────────
   This is a sandbox alert preview.
━━━━━━━━━━━━━━━━━━━━━━━━━━━━━━━━━━━━━━━━━━━━━━━━━━━━━━━━━━━━
==================================================
? Variant Options: › - Use arrow-keys. Return to submit.
❯   > Edit title (curr: ← Exit)
    > Edit message (curr: This is a sandbox...)
    > Edit variant (curr: info)
    ↺ Reset to Defaults
    ← Back