🧱 UI-CLI Sandbox 
Select a component to test:
 1) Alert
 2) Badge
 3) Toast
 4) Table
 5) Tabs
 6) Breadcrumbs
 7) Steps
 8) Input
 9) Password
 10) Toggle
 11) Confirm
 12) Select
 13) Multiselect
 14) Slider
 15) DateTime
  ↓ (5 more)
✔  Tabs
Sandbox > Tabs. Choose variation:
 1) [Variant] Default
 2) + Create New Variant
 3) ← Back to Components
✔  [Variant] Default
==================================================
 Sandbox: > Tabs > Default < 
==================================================
👀 LIVE PREVIEW:
 Dashboard │ Users │ Settings 
==================================================
Variant Options:
 1) > Edit active (curr: Users)
 2) ↺ Reset to Defaults
 3) ← Back
✔  ← Back
Sandbox > Tabs. Choose variation:
 1) [Variant] Default
 2) + Create New Variant
 3) ← Back to Components
✔  + Create New Variant
✔ Enter new variant name: TestVar
==================================================
 Sandbox: > Tabs > TestVar < 
==================================================
👀 LIVE PREVIEW:
 Dashboard │ Users │ Settings 
==================================================
Variant Options:
 1) > Edit active (curr: Users)
 2) ↺ Reset to Defaults
 3) ✖ Delete Variant
 4) ← Back
✔  ↺ Reset to Defaults
==================================================
 Sandbox: > Tabs > TestVar < 
==================================================
👀 LIVE PREVIEW:
 Dashboard │ Users │ Settings 
==================================================
Variant Options:
 1) > Edit active (curr: Users)
 2) ↺ Reset to Defaults
 3) ✖ Delete Variant
 4) ← Back
✔  ✖ Delete Variant
Sandbox > Tabs. Choose variation:
 1) [Variant] Default
 2) + Create New Variant
 3) ← Back to Components
✔  ← Back to Components
Select a component to test:
 1) Alert
 2) Badge
 3) Toast
 4) Table
 5) Tabs
 6) Breadcrumbs
 7) Steps
 8) Input
 9) Password
 10) Toggle
 11) Confirm
 12) Select
 13) Multiselect
 14) Slider
 15) DateTime
  ↓ (5 more)
✔  ← Exit
Exiting Sandbox. 👋