🧱 UI-CLI Sandbox 
Оберіть компонент для тестування:
 1) Alert
 2) Badge
 3) Toast
 4) Table
 5) Tabs
 6) Breadcrumbs
 7) Steps
 8) Input
 9) Пароль
 10) Перемикач
 11) Підтвердити
 12) Виберіть
 13) Multiselect
 14) Повзунок
 15) DateTime
  ↓ (5 ще)
✔  Input
Пісочниця > Input. Оберіть варіацію:
 1) [Варіант] Default
 2) + Створити новий варіант
 3) ← Назад до компонентів
✔  [Variant] Default
==================================================
 Sandbox: > Input > Default < 
==================================================
⚡ Це компонент Prompt.
==================================================
Опції варіанта:
 1) > Редагувати message (поточн: Enter your name:)
 2) > Редагувати initial (поточн: )
 3) > Запустити Prompt (Тест)
 4) ↺ Скинути до значень за замовчуванням
 5) ← Назад
✔  > Run Prompt (Test)
==================================================
 Sandbox: > Input > Default < 
==================================================
⚡ Це компонент Prompt.
==================================================
Опції варіанта:
 1) > Редагувати message (поточн: Enter your name:)
 2) > Редагувати initial (поточн: )
 3) > Запустити Prompt (Тест)
 4) ↺ Скинути до значень за замовчуванням
 5) ← Назад
✔  test input
Result: {"cancelled":true}
Press any key to continue...
Пісочниця > Input. Оберіть варіацію:
 1) [Варіант] Default
 2) + Створити новий варіант
 3) ← Назад до компонентів
✔  + Create New Variant
✔ Введіть назву нового варіанта: TestVar
==================================================
 Sandbox: > Input > TestVar < 
==================================================
⚡ Це компонент Prompt.
==================================================
Опції варіанта:
 1) > Редагувати message (поточн: Enter your name:)
 2) > Редагувати initial (поточн: )
 3) > Запустити Prompt (Тест)
 4) ↺ Скинути до значень за замовчуванням
 5) ✖ Видалити варіант
 6) ← Назад
✔  ✖ Delete Variant
Пісочниця > Input. Оберіть варіацію:
 1) [Варіант] Default
 2) + Створити новий варіант
 3) ← Назад до компонентів
✔  ← Back to Components
Оберіть компонент для тестування:
 1) Alert
 2) Badge
 3) Toast
 4) Table
 5) Tabs
 6) Breadcrumbs
 7) Steps
 8) Input
 9) Пароль
 10) Перемикач
 11) Підтвердити
 12) Виберіть
 13) Multiselect
 14) Повзунок
 15) DateTime
  ↓ (5 ще)
✔  ← Exit
Exiting Sandbox. 👋
--- STDERR ---
Component is not an interactive Prompt.