🧱 UI-CLI Sandbox 
Оберіть компонент для тестування:
 1) Alert
 2) Badge
 3) Toast
 4) Table
 5) Tabs
 6) Breadcrumbs
 7) Steps
 8) Input
 9) Пароль
 10) Перемикач
 11) Підтвердити
 12) Виберіть
 13) Multiselect
 14) Повзунок
 15) DateTime
  ↓ (5 ще)
✔  DateTime
Пісочниця > DateTime. Оберіть варіацію:
 1) [Варіант] Default
 2) + Створити новий варіант
 3) ← Назад до компонентів
✔  [Variant] Default
==================================================
 Sandbox: > DateTime > Default < 
==================================================
⚡ Це компонент Prompt.
==================================================
Опції варіанта:
 1) > Редагувати message (поточн: Pick a date:)
 2) > Запустити Prompt (Тест)
 3) ↺ Скинути до значень за замовчуванням
 4) ← Назад
✔  > Run Prompt (Test)
==================================================
 Sandbox: > DateTime > Default < 
==================================================
⚡ Це компонент Prompt.
==================================================
Опції варіанта:
 1) > Редагувати message (поточн: Pick a date:)
 2) > Запустити Prompt (Тест)
 3) ↺ Скинути до значень за замовчуванням
 4) ← Назад
✔  
Result: "2026-01-01T10:00:00.000Z"
Press any key to continue...
✔ Enter datetime message: + Create New Variant
==================================================
 Sandbox: > DateTime > Default < 
==================================================
⚡ Це компонент Prompt.
==================================================
Опції варіанта:
 1) > Редагувати message (поточн: + Create New Variant)
 2) > Запустити Prompt (Тест)
 3) ↺ Скинути до значень за замовчуванням
 4) ← Назад
✔  TestVar
Пісочниця > DateTime. Оберіть варіацію:
 1) [Варіант] Default
 2) + Створити новий варіант
 3) ← Назад до компонентів
✔  ✖ Delete Variant
Оберіть компонент для тестування:
 1) Alert
 2) Badge
 3) Toast
 4) Table
 5) Tabs
 6) Breadcrumbs
 7) Steps
 8) Input
 9) Пароль
 10) Перемикач
 11) Підтвердити
 12) Виберіть
 13) Multiselect
 14) Повзунок
 15) DateTime
  ↓ (5 ще)
✔  ← Back to Components
Exiting Sandbox. 👋
--- STDERR ---
Component is not an interactive Prompt.