__   _ _______ __   _     _  _  _ _______ ______ 
| \  | |_____| | \  |     |  |  | |______ |_____] 
|  \_| |     | |  \_|  •  |__|__| |______ |_____] 
DateTime Picker Demo
Scenario 1: Select a Date
Pick a date: 2026-01-01
You selected: 2026-01-01
Scenario 2: Select Time (HH:mm)
Pick a time: 10:20
You selected time: 10:20
Scenario 3: Full Date & Time
Pick full date and time: 2026-01-21 16:20
You selected: 2026-01-21 14:20
Press any key to continue...