__   _ _______ __   _     _  _  _ _______ ______ 
| \  | |_____| | \  |     |  |  | |______ |_____] 
|  \_| |     | |  \_|  •  |__|__| |______ |_____] 
Демо вибору дати та часу
Сценарій 1: Вибір дати
Оберіть дату: 2026-01-01
Ви обрали: 2026-01-01
Сценарій 2: Вибір часу (ГГ:хв)
Оберіть час: 10:20
Ви обрали час: 10:20
Сценарій 3: Повна дата та час
Оберіть повну дату та час: 2026-01-21 16:20
Ви обрали: 2026-01-21 14:20
Натисніть будь-яку клавішу...