🧱 UI-CLI Sandbox 
? Select a component to test: › - Use arrow-keys. Return to submit.
❯   Alert
    Badge
    Toast
    Table
    Tabs
    Breadcrumbs
    Steps
    Input
    Password
  ↓ Toggle
✔ Select a component to test: › Alert
? Sandbox > Alert. Choose variation: › - Use arrow-keys. Return to submit.
❯   [Variant] Default
    + Create New Variant
    ← Back to Components
✔ Sandbox > Alert. Choose variation: › [Variant] Default
==================================================
 Sandbox: > Alert > Default < 
==================================================
👀 LIVE PREVIEW:
━━━━━━━━━━━━━━━━━━━━━━━━━━━━━━━━━━━━━━━━━━━━━━━━━━━━━━━━━━━━
 ℹ ← Back to Components  
────────────────────────────────────────────────────────────
   This is a sandbox alert preview.
━━━━━━━━━━━━━━━━━━━━━━━━━━━━━━━━━━━━━━━━━━━━━━━━━━━━━━━━━━━━
==================================================
? Variant Options: › - Use arrow-keys. Return to submit.
❯   > Edit title (curr: ← Back to Components)
    > Edit message (curr: This is a sandbox...)
    > Edit variant (curr: info)
    ↺ Reset to Defaults
    ← Back
✔ Variant Options: › > Edit title (curr: ← Back to Components)
? Enter alert title: › ← Back to Components78? Enter alert title: › +78? Enter alert title: › + 78? Enter alert title: › + C78? Enter alert title: › + Cr78? Enter alert title: › + Cre78? Enter alert title: › + Crea78? Enter alert title: › + Creat78? Enter alert title: › + Create78? Enter alert title: › + Create 78? Enter alert title: › + Create N78? Enter alert title: › + Create Ne78? Enter alert title: › + Create New78? Enter alert title: › + Create New 78? Enter alert title: › + Create New V78? Enter alert title: › + Create New Va78? Enter alert title: › + Create New Var78? Enter alert title: › + Create New Vari78? Enter alert title: › + Create New Varia78? Enter alert title: › + Create New Varian78? Enter alert title: › + Create New Variant78✔ Enter alert title: … + Create New Variant78
==================================================
 Sandbox: > Alert > Default < 
==================================================
👀 LIVE PREVIEW:
━━━━━━━━━━━━━━━━━━━━━━━━━━━━━━━━━━━━━━━━━━━━━━━━━━━━━━━━━━━━
 ℹ + Create New Variant  
────────────────────────────────────────────────────────────
   This is a sandbox alert preview.
━━━━━━━━━━━━━━━━━━━━━━━━━━━━━━━━━━━━━━━━━━━━━━━━━━━━━━━━━━━━
==================================================
? Variant Options: › - Use arrow-keys. Return to submit.
❯   > Edit title (curr: + Create New Variant)
    > Edit message (curr: This is a sandbox...)
    > Edit variant (curr: info)
    ↺ Reset to Defaults
    ← Back
✔ Variant Options: › > Edit title (curr: + Create New Variant)
? Enter alert title: › + Create New Variant78? Enter alert title: › ↺78? Enter alert title: › ↺ 78? Enter alert title: › ↺ R78? Enter alert title: › ↺ Re78? Enter alert title: › ↺ Res78? Enter alert title: › ↺ Rese78? Enter alert title: › ↺ Reset78? Enter alert title: › ↺ Reset 78? Enter alert title: › ↺ Reset t78? Enter alert title: › ↺ Reset to78? Enter alert title: › ↺ Reset to 78? Enter alert title: › ↺ Reset to D78? Enter alert title: › ↺ Reset to De78? Enter alert title: › ↺ Reset to Def78? Enter alert title: › ↺ Reset to Defa78? Enter alert title: › ↺ Reset to Defau78? Enter alert title: › ↺ Reset to Defaul78? Enter alert title: › ↺ Reset to Default78? Enter alert title: › ↺ Reset to Defaults78✔ Enter alert title: … ↺ Reset to Defaults78
==================================================
 Sandbox: > Alert > Default < 
==================================================
👀 LIVE PREVIEW:
━━━━━━━━━━━━━━━━━━━━━━━━━━━━━━━━━━━━━━━━━━━━━━━━━━━━━━━━━━━━
 ℹ ↺ Reset to Defaults  
────────────────────────────────────────────────────────────
   This is a sandbox alert preview.
━━━━━━━━━━━━━━━━━━━━━━━━━━━━━━━━━━━━━━━━━━━━━━━━━━━━━━━━━━━━
==================================================
? Variant Options: › - Use arrow-keys. Return to submit.
❯   > Edit title (curr: ↺ Reset to Defaults)
    > Edit message (curr: This is a sandbox...)
    > Edit variant (curr: info)
    ↺ Reset to Defaults
    ← Back
✔ Variant Options: › > Edit title (curr: ↺ Reset to Defaults)
? Enter alert title: › ↺ Reset to Defaults78? Enter alert title: › ←78? Enter alert title: › ← 78? Enter alert title: › ← B78? Enter alert title: › ← Ba78? Enter alert title: › ← Bac78? Enter alert title: › ← Back78? Enter alert title: › ← Back 78? Enter alert title: › ← Back t78? Enter alert title: › ← Back to78? Enter alert title: › ← Back to 78? Enter alert title: › ← Back to C78? Enter alert title: › ← Back to Co78? Enter alert title: › ← Back to Com78? Enter alert title: › ← Back to Comp78? Enter alert title: › ← Back to Compo78? Enter alert title: › ← Back to Compon78? Enter alert title: › ← Back to Compone78? Enter alert title: › ← Back to Componen78? Enter alert title: › ← Back to Component78? Enter alert title: › ← Back to Components78✔ Enter alert title: … ← Back to Components78
==================================================
 Sandbox: > Alert > Default < 
==================================================
👀 LIVE PREVIEW:
━━━━━━━━━━━━━━━━━━━━━━━━━━━━━━━━━━━━━━━━━━━━━━━━━━━━━━━━━━━━
 ℹ ← Back to Components  
────────────────────────────────────────────────────────────
   This is a sandbox alert preview.
━━━━━━━━━━━━━━━━━━━━━━━━━━━━━━━━━━━━━━━━━━━━━━━━━━━━━━━━━━━━
==================================================
? Variant Options: › - Use arrow-keys. Return to submit.
❯   > Edit title (curr: ← Back to Components)
    > Edit message (curr: This is a sandbox...)
    > Edit variant (curr: info)
    ↺ Reset to Defaults
    ← Back
✔ Variant Options: › > Edit title (curr: ← Back to Components)
? Enter alert title: › ← Back to Components78