__   _ _______ __   _     _  _  _ _______ ______ 
| \  | |_____| | \  |     |  |  | |______ |_____] 
|  \_| |     | |  \_|  •  |__|__| |______ |_____] 
Демо форми об'єкта – Premium UX
Вхід в інтерфейс карти об'єкта...
📝 Редагування: Філіал
 1) Адреса: []
 2) Місто: []
 3) На чергуванні: []
 4) Тип: []
 5) ──────────────────────────
 6) ✅ Зберегти та вийти
 7) ❌ Скасувати зміни
✔  Тип
 1) Відділення
 2) Банкомат
✔  Банкомат
📝 Редагування: Філіал
 1) Адреса: []
 2) Місто: []
 3) На чергуванні: []
 4) Тип: [ATM]
 5) ──────────────────────────
 6) ✅ Зберегти та вийти
 7) ❌ Скасувати зміни
✔  _save
Дані збережено:
{
  "type": "ATM"
}