__   _ _______ __   _     _  _  _ _______ ______ 
| \  | |_____| | \  |     |  |  | |______ |_____] 
|  \_| |     | |  \_|  •  |__|__| |______ |_____] 
Object Map Form Demo – Premium UX
Entering Object Map interface...
📝 Edit: Branch
 1) Адреса: []
 2) Місто: []
 3) На чергуванні: []
 4) Тип: []
 5) ──────────────────────────
 6) ✅ Save and exit
 7) ❌ Cancel changes
✔  type
 1) Відділення
 2) Банкомат
✔  ATM
📝 Edit: Branch
 1) Адреса: []
 2) Місто: []
 3) На чергуванні: []
 4) Тип: [ATM]
 5) ──────────────────────────
 6) ✅ Save and exit
 7) ❌ Cancel changes
✔  _save
Data Saved:
{
  "type": "ATM"
}