__   _ _______ __   _     _  _  _ _______ ______ 
| \  | |_____| | \  |     |  |  | |______ |_____] 
|  \_| |     | |  \_|  •  |__|__| |______ |_____] 
Демо форми об'єкта – Premium UX
Вхід в інтерфейс карти об'єкта...
📝 Редагування: Філіал
 1) Адреса: []
 2) Місто: []
 3) На чергуванні: []
 4) Тип: []
 5) ──────────────────────────
 6) ✅ Зберегти та вийти
 7) ❌ Скасувати зміни
✔  Адреса
✔ Адреса Нова адреса
📝 Редагування: Філіал
 1) Адреса: [Нова адреса]
 2) Місто: []
 3) На чергуванні: []
 4) Тип: []
 5) ──────────────────────────
 6) ✅ Зберегти та вийти
 7) ❌ Скасувати зміни
✔  Місто
✔ Місто Нове місто
📝 Редагування: Філіал
 1) Адреса: [Нова адреса]
 2) Місто: [Нове місто]
 3) На чергуванні: []
 4) Тип: []
 5) ──────────────────────────
 6) ✅ Зберегти та вийти
 7) ❌ Скасувати зміни
✔  _save
Дані збережено:
{
  "address": "Нова адреса",
  "city": "Нове місто"
}