__   _ _______ __   _     _  _  _ _______ ______ 
| \  | |_____| | \  |     |  |  | |______ |_____] 
|  \_| |     | |  \_|  •  |__|__| |______ |_____] 
Демо форми об'єкта – Premium UX
Вхід в інтерфейс карти об'єкта...
? 📝 Редагування: Філіал › (Стрілки для навігації. Enter для вибору)
❯   Адреса: []
    Місто: []
    На чергуванні: []
    Тип: []
    ──────────────────────────
    ✅ Зберегти та вийти
    ❌ Скасувати зміни
✔ 📝 Редагування: Філіал › Адреса: []
? Адреса › вул. Київська, 178