🧱 UI-CLI Sandbox 
Оберіть компонент для тестування:
 1) Alert
 2) Badge
 3) Toast
 4) Table
 5) Tabs
 6) Breadcrumbs
 7) Steps
 8) Input
 9) Пароль
 10) Перемикач
 11) Підтвердити
 12) Виберіть
 13) Multiselect
 14) Повзунок
 15) DateTime
  ↓ (5 ще)
✔  Breadcrumbs
Пісочниця > Breadcrumbs. Оберіть варіацію:
 1) [Варіант] Default
 2) + Створити новий варіант
 3) ← Назад до компонентів
✔  [Variant] Default
==================================================
 Sandbox: > Breadcrumbs > Default < 
==================================================
👀 ЖИВИЙ ПЕРЕГЛЯД:
Home › App › Editor
==================================================
Опції варіанта:
 1) ↺ Скинути до значень за замовчуванням
 2) ← Назад
✔  ← Back
Пісочниця > Breadcrumbs. Оберіть варіацію:
 1) [Варіант] Default
 2) + Створити новий варіант
 3) ← Назад до компонентів
✔  + Create New Variant
✔ Введіть назву нового варіанта: TestVar
==================================================
 Sandbox: > Breadcrumbs > TestVar < 
==================================================
👀 ЖИВИЙ ПЕРЕГЛЯД:
Home › App › Editor
==================================================
Опції варіанта:
 1) ↺ Скинути до значень за замовчуванням
 2) ✖ Видалити варіант
 3) ← Назад
✔  ↺ Reset to Defaults
==================================================
 Sandbox: > Breadcrumbs > TestVar < 
==================================================
👀 ЖИВИЙ ПЕРЕГЛЯД:
Home › App › Editor
==================================================
Опції варіанта:
 1) ↺ Скинути до значень за замовчуванням
 2) ✖ Видалити варіант
 3) ← Назад
✔  ✖ Delete Variant
Пісочниця > Breadcrumbs. Оберіть варіацію:
 1) [Варіант] Default
 2) + Створити новий варіант
 3) ← Назад до компонентів
✔  ← Back to Components
Оберіть компонент для тестування:
 1) Alert
 2) Badge
 3) Toast
 4) Table
 5) Tabs
 6) Breadcrumbs
 7) Steps
 8) Input
 9) Пароль
 10) Перемикач
 11) Підтвердити
 12) Виберіть
 13) Multiselect
 14) Повзунок
 15) DateTime
  ↓ (5 ще)
✔  ← Exit
Exiting Sandbox. 👋