__   _ _______ __   _     _  _  _ _______ ______ 
| \  | |_____| | \  |     |  |  | |______ |_____] 
|  \_| |     | |  \_|  •  |__|__| |______ |_____] 
Вибір зі списку
? Оберіть колір › (Стрілки для навігації. Enter для вибору)
❯   Червоний
    Зелений
    Синій
✔ Оберіть колір › Червоний
✓ Ви обрали: Червоний