🧱 UI-CLI Sandbox 
Оберіть компонент для тестування:
 1) Alert
 2) Badge
 3) Toast
 4) Table
 5) Tabs
 6) Breadcrumbs
 7) Steps
 8) Input
 9) Пароль
 10) Перемикач
 11) Підтвердити
 12) Виберіть
 13) Multiselect
 14) Повзунок
 15) DateTime
  ↓ (5 ще)
✔  Slider
Пісочниця > Slider. Оберіть варіацію:
 1) [Варіант] Default
 2) + Створити новий варіант
 3) ← Назад до компонентів
✔  [Variant] Default
==================================================
 Sandbox: > Slider > Default < 
==================================================
⚡ Це компонент Prompt.
==================================================
Опції варіанта:
 1) > Редагувати message (поточн: Adjust Volume:)
 2) > Редагувати min (поточн: 0)
 3) > Редагувати max (поточн: 100)
 4) > Редагувати initial (поточн: 50)
 5) > Запустити Prompt (Тест)
 6) ↺ Скинути до значень за замовчуванням
 7) ← Назад
✔  > Run Prompt (Test)
==================================================
 Sandbox: > Slider > Default < 
==================================================
⚡ Це компонент Prompt.
==================================================
Опції варіанта:
 1) > Редагувати message (поточн: Adjust Volume:)
 2) > Редагувати min (поточн: 0)
 3) > Редагувати max (поточн: 100)
 4) > Редагувати initial (поточн: 50)
 5) > Запустити Prompt (Тест)
 6) ↺ Скинути до значень за замовчуванням
 7) ← Назад
✔  
Result: 50
Press any key to continue...
✔ Enter slider message: + Create New Variant
==================================================
 Sandbox: > Slider > Default < 
==================================================
⚡ Це компонент Prompt.
==================================================
Опції варіанта:
 1) > Редагувати message (поточн: + Create New Variant)
 2) > Редагувати min (поточн: 0)
 3) > Редагувати max (поточн: 100)
 4) > Редагувати initial (поточн: 50)
 5) > Запустити Prompt (Тест)
 6) ↺ Скинути до значень за замовчуванням
 7) ← Назад
✔  TestVar
Пісочниця > Slider. Оберіть варіацію:
 1) [Варіант] Default
 2) + Створити новий варіант
 3) ← Назад до компонентів
✔  ✖ Delete Variant
Оберіть компонент для тестування:
 1) Alert
 2) Badge
 3) Toast
 4) Table
 5) Tabs
 6) Breadcrumbs
 7) Steps
 8) Input
 9) Пароль
 10) Перемикач
 11) Підтвердити
 12) Виберіть
 13) Multiselect
 14) Повзунок
 15) DateTime
  ↓ (5 ще)
✔  ← Back to Components
Exiting Sandbox. 👋
--- STDERR ---
Component is not an interactive Prompt.