__   _ _______ __   _     _  _  _ _______ ______ 
| \  | |_____| | \  |     |  |  | |______ |_____] 
|  \_| |     | |  \_|  •  |__|__| |______ |_____] 
Демо вибору дати та часу
Сценарій 1: Вибір дати
? Оберіть дату: › [DATETIME]? Оберіть дату: › [DATETIME]? Оберіть дату: › [DATETIME]? Оберіть дату: › [DATETIME]? Оберіть дату: › [DATETIME]? Оберіть дату: › [DATETIME]? Оберіть дату: › [DATETIME]? Оберіть дату: › [DATETIME]? Оберіть дату: › [DATETIME]? Оберіть дату: › [DATETIME]? Оберіть дату: › [DATETIME]? Оберіть дату: › [DATETIME]? Оберіть дату: › [DATETIME]? Оберіть дату: › [DATETIME]? Оберіть дату: › [DATETIME]? Оберіть дату: › [DATETIME]? Оберіть дату: › [DATETIME]? Оберіть дату: › [DATETIME]? Оберіть дату: › [DATETIME]? Оберіть дату: › [DATETIME]? Оберіть дату: › [DATETIME]? Оберіть дату: › [DATETIME]? Оберіть дату: › [DATETIME]? Оберіть дату: › [DATETIME]? Оберіть дату: › [DATETIME]? Оберіть дату: › [DATETIME]✔ Оберіть дату: › [DATETIME]


Ви обрали: 1620-01-01
Сценарій 2: Вибір часу (ГГ:хв)
? Оберіть час: › [TIME]? Оберіть час: › [TIME]✔ Оберіть час: › [TIME]
Ви обрали час: [TIME]
Сценарій 3: Повна дата та час
? Оберіть повну дату та час: › [DATETIME]? Оберіть повну дату та час: › [DATETIME]