__   _ _______ __   _     _  _  _ _______ ______ 
| \  | |_____| | \  |     |  |  | |______ |_____] 
|  \_| |     | |  \_|  •  |__|__| |______ |_____] 
DateTime Picker Demo
Scenario 1: Select a Date
? Pick a date: › [DATETIME]? Pick a date: › [DATETIME]? Pick a date: › [DATETIME]? Pick a date: › [DATETIME]? Pick a date: › [DATETIME]? Pick a date: › [DATETIME]? Pick a date: › [DATETIME]? Pick a date: › [DATETIME]? Pick a date: › [DATETIME]? Pick a date: › [DATETIME]? Pick a date: › [DATETIME]? Pick a date: › [DATETIME]? Pick a date: › [DATETIME]? Pick a date: › [DATETIME]✔ Pick a date: › [DATETIME]

You selected: 1020-01-01
Scenario 2: Select Time (HH:mm)
? Pick a time: › [TIME]? Pick a time: › [TIME]? Pick a time: › [TIME]? Pick a time: › [TIME]? Pick a time: › [TIME]? Pick a time: › [TIME]? Pick a time: › [TIME]? Pick a time: › [TIME]? Pick a time: › [TIME]? Pick a time: › [TIME]? Pick a time: › [TIME]? Pick a time: › [TIME]? Pick a time: › [TIME]? Pick a time: › [TIME]✔ Pick a time: › [TIME]
You selected time: [TIME]
Scenario 3: Full Date & Time
? Pick full date and time: › [DATETIME]? Pick full date and time: › [DATETIME]✔ Pick full date and time: › [DATETIME]
You selected: [DATETIME]
Press any key to continue...