🧱 UI-CLI Sandbox 
Оберіть компонент для тестування:
 1) Alert
 2) Badge
 3) Toast
 4) Table
 5) Tabs
 6) Breadcrumbs
 7) Steps
 8) Input
 9) Пароль
 10) Перемикач
 11) Підтвердити
 12) Виберіть
 13) Multiselect
 14) Повзунок
 15) DateTime
  ↓ (5 ще)
✔  Table
Пісочниця > Table. Оберіть варіацію:
 1) [Варіант] Default
 2) + Створити новий варіант
 3) ← Назад до компонентів
✔  [Variant] Default
==================================================
 Sandbox: > Table > Default < 
==================================================
👀 ЖИВИЙ ПЕРЕГЛЯД:
Users Table
id name  role  
1  Alice Admin 
2  Bob   User  
==================================================
Опції варіанта:
 1) > Редагувати title (поточн: Users Table)
 2) ↺ Скинути до значень за замовчуванням
 3) ← Назад
✔  ← Back
Пісочниця > Table. Оберіть варіацію:
 1) [Варіант] Default
 2) + Створити новий варіант
 3) ← Назад до компонентів
✔  + Create New Variant
✔ Введіть назву нового варіанта: TestVar
==================================================
 Sandbox: > Table > TestVar < 
==================================================
👀 ЖИВИЙ ПЕРЕГЛЯД:
Users Table
id name  role  
1  Alice Admin 
2  Bob   User  
==================================================
Опції варіанта:
 1) > Редагувати title (поточн: Users Table)
 2) ↺ Скинути до значень за замовчуванням
 3) ✖ Видалити варіант
 4) ← Назад
✔  ↺ Reset to Defaults
==================================================
 Sandbox: > Table > TestVar < 
==================================================
👀 ЖИВИЙ ПЕРЕГЛЯД:
Users Table
id name  role  
1  Alice Admin 
2  Bob   User  
==================================================
Опції варіанта:
 1) > Редагувати title (поточн: Users Table)
 2) ↺ Скинути до значень за замовчуванням
 3) ✖ Видалити варіант
 4) ← Назад
✔  ✖ Delete Variant
Пісочниця > Table. Оберіть варіацію:
 1) [Варіант] Default
 2) + Створити новий варіант
 3) ← Назад до компонентів
✔  ← Back to Components
Оберіть компонент для тестування:
 1) Alert
 2) Badge
 3) Toast
 4) Table
 5) Tabs
 6) Breadcrumbs
 7) Steps
 8) Input
 9) Пароль
 10) Перемикач
 11) Підтвердити
 12) Виберіть
 13) Multiselect
 14) Повзунок
 15) DateTime
  ↓ (5 ще)
✔  ← Exit
Exiting Sandbox. 👋