🧱 UI-CLI Sandbox 
Select a component to test:
 1) Alert
 2) Badge
 3) Toast
 4) Table
 5) Tabs
 6) Breadcrumbs
 7) Steps
 8) Input
 9) Password
 10) Toggle
 11) Confirm
 12) Select
 13) Multiselect
 14) Slider
 15) DateTime
  ↓ (5 more)
✔  Sortable
Sandbox > Sortable. Choose variation:
 1) [Variant] Default
 2) + Create New Variant
 3) ← Back to Components
✔  [Variant] Default
==================================================
 Sandbox: > Sortable > Default < 
==================================================
⚡ This is a Prompt Component.
==================================================
Variant Options:
 1) > Edit message (curr: Sort the items:)
 2) > Run Prompt (Test)
 3) ↺ Reset to Defaults
 4) ← Back
✔  > Run Prompt (Test)
? Sort the items: — (↑/↓ to navigate, Space to grab, Enter to confirm)
  ❯ Apple
    Banana
    Cherry
    Date
==================================================
 Sandbox: > Sortable > Default < 
==================================================
⚡ This is a Prompt Component.
==================================================
Variant Options:
 1) > Edit message (curr: Sort the items:)
 2) > Run Prompt (Test)
 3) ↺ Reset to Defaults
 4) ← Back
✔  
✔ Enter sortable message: ← Back
==================================================
 Sandbox: > Sortable > Default < 
==================================================
⚡ This is a Prompt Component.
==================================================
Variant Options:
 1) > Edit message (curr: ← Back)
 2) > Run Prompt (Test)
 3) ↺ Reset to Defaults
 4) ← Back
✔  + Create New Variant
Sandbox > Sortable. Choose variation:
 1) [Variant] Default
 2) + Create New Variant
 3) ← Back to Components
✔  TestVar
Select a component to test:
 1) Alert
 2) Badge
 3) Toast
 4) Table
 5) Tabs
 6) Breadcrumbs
 7) Steps
 8) Input
 9) Password
 10) Toggle
 11) Confirm
 12) Select
 13) Multiselect
 14) Slider
 15) DateTime
  ↓ (5 more)
✔  ✖ Delete Variant
Exiting Sandbox. 👋
Result: ["Apple","Banana","Cherry","Date"]
Press any key to continue...
--- STDERR ---
Component is not an interactive Prompt.