=======================================
🏖  NaN0Web UI-CLI Sandbox IDE
=======================================
? Select a component to inspect and theme › - Use arrow-keys. Return to submit.
❯   Autocomplete
    Button
    Confirm
    Input
    Select
    Spinner
    Table
    Toast
    Tree
✔ Select a component to inspect and theme › Autocomplete
renderForm: Fields found: content, options
────────────────────────────────────────
👀 Live Preview of <Autocomplete>:
────────────────────────────────────────
────────────────────────────────────────
? 📝 Edit: AutocompleteModel › - Use arrow-keys. Return to submit.
❯   Current search text: []
    List of suggestions based on input: [[]]
    ──────────────────────────
    ✅ Save and exit
    ❌ Cancel changes
✔ 📝 Edit: AutocompleteModel › Current search text: []
? Current search text › 78? Current search text › T78? Current search text › Te78? Current search text › Tes78? Current search text › Test78? Current search text › Test 78? Current search text › Test B78? Current search text › Test Bu78? Current search text › Test But78? Current search text › Test Butt78? Current search text › Test Butto78? Current search text › Test Button78✔ Current search text … Test Button78

────────────────────────────────────────
👀 Live Preview of <Autocomplete>:
────────────────────────────────────────
────────────────────────────────────────
? 📝 Edit: AutocompleteModel › - Use arrow-keys. Return to submit.
❯   Current search text: [Test Button]
    List of suggestions based on input: [[]]
    ──────────────────────────
    ✅ Save and exit
    ❌ Cancel changes
✔ 📝 Edit: AutocompleteModel › Current search text: [Test Button]
? Current search text › Test Button78? Current search text › y78? Current search text › ya78? Current search text › yam78? Current search text › yaml78✔ Current search text … yaml78

────────────────────────────────────────
👀 Live Preview of <Autocomplete>:
────────────────────────────────────────
────────────────────────────────────────
? 📝 Edit: AutocompleteModel › - Use arrow-keys. Return to submit.
❯   Current search text: [yaml]
    List of suggestions based on input: [[]]
    ──────────────────────────
    ✅ Save and exit
    ❌ Cancel changes
--- STDERR ---
[Preview not available yet: Private method '#nextAnswer' is not writable]
[Preview not available yet: Private method '#nextAnswer' is not writable]
[Preview not available yet: Private method '#nextAnswer' is not writable]