🧱 UI-CLI Sandbox 
Оберіть компонент для тестування:
 1) Alert
 2) Badge
 3) Toast
 4) Table
 5) Tabs
 6) Breadcrumbs
 7) Steps
 8) Input
 9) Пароль
 10) Перемикач
 11) Підтвердити
 12) Виберіть
 13) Multiselect
 14) Повзунок
 15) DateTime
  ↓ (5 ще)
✔  Alert
Пісочниця > Alert. Оберіть варіацію:
 1) [Варіант] Default
 2) + Створити новий варіант
 3) ← Назад до компонентів
✔  [Variant] Default
==================================================
 Sandbox: > Alert > Default < 
==================================================
👀 ЖИВИЙ ПЕРЕГЛЯД:
━━━━━━━━━━━━━━━━━━━━━━━━━━━━━━━━━━━━━━━━━━━━━━━━━━━━━━━━━━━━
 ℹ Attention  
────────────────────────────────────────────────────────────
   This is a sandbox alert preview.
━━━━━━━━━━━━━━━━━━━━━━━━━━━━━━━━━━━━━━━━━━━━━━━━━━━━━━━━━━━━
==================================================
Опції варіанта:
 1) > Редагувати title (поточн: Attention)
 2) > Редагувати message (поточн: This is a sandbox...)
 3) > Редагувати variant (поточн: info)
 4) ↺ Скинути до значень за замовчуванням
 5) ← Назад
✔  ← Back
Пісочниця > Alert. Оберіть варіацію:
 1) [Варіант] Default
 2) + Створити новий варіант
 3) ← Назад до компонентів
✔  + Create New Variant
✔ Введіть назву нового варіанта: TestVar
==================================================
 Sandbox: > Alert > TestVar < 
==================================================
👀 ЖИВИЙ ПЕРЕГЛЯД:
━━━━━━━━━━━━━━━━━━━━━━━━━━━━━━━━━━━━━━━━━━━━━━━━━━━━━━━━━━━━
 ℹ Attention  
────────────────────────────────────────────────────────────
   This is a sandbox alert preview.
━━━━━━━━━━━━━━━━━━━━━━━━━━━━━━━━━━━━━━━━━━━━━━━━━━━━━━━━━━━━
==================================================
Опції варіанта:
 1) > Редагувати title (поточн: Attention)
 2) > Редагувати message (поточн: This is a sandbox...)
 3) > Редагувати variant (поточн: info)
 4) ↺ Скинути до значень за замовчуванням
 5) ✖ Видалити варіант
 6) ← Назад
✔  ↺ Reset to Defaults
==================================================
 Sandbox: > Alert > TestVar < 
==================================================
👀 ЖИВИЙ ПЕРЕГЛЯД:
━━━━━━━━━━━━━━━━━━━━━━━━━━━━━━━━━━━━━━━━━━━━━━━━━━━━━━━━━━━━
 ℹ Attention  
────────────────────────────────────────────────────────────
   This is a sandbox alert preview.
━━━━━━━━━━━━━━━━━━━━━━━━━━━━━━━━━━━━━━━━━━━━━━━━━━━━━━━━━━━━
==================================================
Опції варіанта:
 1) > Редагувати title (поточн: Attention)
 2) > Редагувати message (поточн: This is a sandbox...)
 3) > Редагувати variant (поточн: info)
 4) ↺ Скинути до значень за замовчуванням
 5) ✖ Видалити варіант
 6) ← Назад
✔  ✖ Delete Variant
Пісочниця > Alert. Оберіть варіацію:
 1) [Варіант] Default
 2) + Створити новий варіант
 3) ← Назад до компонентів
✔  ← Back to Components
Оберіть компонент для тестування:
 1) Alert
 2) Badge
 3) Toast
 4) Table
 5) Tabs
 6) Breadcrumbs
 7) Steps
 8) Input
 9) Пароль
 10) Перемикач
 11) Підтвердити
 12) Виберіть
 13) Multiselect
 14) Повзунок
 15) DateTime
  ↓ (5 ще)
✔  ← Exit
Exiting Sandbox. 👋