__   _ _______ __   _     _  _  _ _______ ______ 
| \  | |_____| | \  |     |  |  | |______ |_____] 
|  \_| |     | |  \_|  •  |__|__| |______ |_____] 
UiMessage Demo – Schema‑driven Form
? User name *:  › 78? User name *:  › s78? User name *:  › sn78? User name *:  › sna78? User name *:  › snap78? User name *:  › snap_78? User name *:  › snap_u78? User name *:  › snap_us78? User name *:  › snap_use78? User name *:  › snap_user78? User name *:  › snap_user278? User name *:  › snap_user2578? User name *:  › snap_user25278✔ User name *:  … snap_user25278


? User age *:  › 78