🧱 UI-CLI Sandbox 
? Select a component to test: › - Use arrow-keys. Return to submit.
❯   Alert
    Badge
    Toast
    Table
    Tabs
    Breadcrumbs
    Steps
    Input
    Password
  ↓ Toggle
✔ Select a component to test: › Alert
? Sandbox > Alert. Choose variation: › - Use arrow-keys. Return to submit.
❯   [Variant] Default
    + Create New Variant
    ← Back to Components
✔ Sandbox > Alert. Choose variation: › [Variant] Default
==================================================
 Sandbox: > Alert > Default < 
==================================================
👀 LIVE PREVIEW:
━━━━━━━━━━━━━━━━━━━━━━━━━━━━━━━━━━━━━━━━━━━━━━━━━━━━━━━━━━━━
 ℹ Attention  
────────────────────────────────────────────────────────────
   This is a sandbox alert preview.
━━━━━━━━━━━━━━━━━━━━━━━━━━━━━━━━━━━━━━━━━━━━━━━━━━━━━━━━━━━━
==================================================
? Variant Options: › - Use arrow-keys. Return to submit.
❯   > Edit title (curr: Attention)
    > Edit message (curr: This is a sandbox...)
    > Edit variant (curr: info)
    ↺ Reset to Defaults
    ← Back
✔ Variant Options: › > Edit title (curr: Attention)
? Enter alert title: › Attention78? Enter alert title: › ←78? Enter alert title: › ← 78? Enter alert title: › ← Н78? Enter alert title: › ← На78? Enter alert title: › ← Наз78? Enter alert title: › ← Наза78? Enter alert title: › ← Назад78✔ Enter alert title: … ← Назад78
==================================================
 Sandbox: > Alert > Default < 
==================================================
👀 LIVE PREVIEW:
━━━━━━━━━━━━━━━━━━━━━━━━━━━━━━━━━━━━━━━━━━━━━━━━━━━━━━━━━━━━
 ℹ ← Назад  
────────────────────────────────────────────────────────────
   This is a sandbox alert preview.
━━━━━━━━━━━━━━━━━━━━━━━━━━━━━━━━━━━━━━━━━━━━━━━━━━━━━━━━━━━━
==================================================
? Variant Options: › - Use arrow-keys. Return to submit.
❯   > Edit title (curr: ← Назад)
    > Edit message (curr: This is a sandbox...)
    > Edit variant (curr: info)
    ↺ Reset to Defaults
    ← Back
✔ Variant Options: › > Edit title (curr: ← Назад)
? Enter alert title: › ← Назад78? Enter alert title: › T78? Enter alert title: › Te78? Enter alert title: › Tes78? Enter alert title: › Test78? Enter alert title: › TestV78? Enter alert title: › TestVa78? Enter alert title: › TestVar78✔ Enter alert title: … TestVar78
==================================================
 Sandbox: > Alert > Default < 
==================================================
👀 LIVE PREVIEW:
━━━━━━━━━━━━━━━━━━━━━━━━━━━━━━━━━━━━━━━━━━━━━━━━━━━━━━━━━━━━
 ℹ TestVar  
────────────────────────────────────────────────────────────
   This is a sandbox alert preview.
━━━━━━━━━━━━━━━━━━━━━━━━━━━━━━━━━━━━━━━━━━━━━━━━━━━━━━━━━━━━
==================================================
? Variant Options: › - Use arrow-keys. Return to submit.
❯   > Edit title (curr: TestVar)
    > Edit message (curr: This is a sandbox...)
    > Edit variant (curr: info)
    ↺ Reset to Defaults
    ← Back
✔ Variant Options: › > Edit title (curr: TestVar)
? Enter alert title: › TestVar78? Enter alert title: › ←78? Enter alert title: › ← 78? Enter alert title: › ← Н78? Enter alert title: › ← На78? Enter alert title: › ← Наз78? Enter alert title: › ← Наза78? Enter alert title: › ← Назад78? Enter alert title: › ← Назад 78? Enter alert title: › ← Назад д78? Enter alert title: › ← Назад до78? Enter alert title: › ← Назад до 78? Enter alert title: › ← Назад до К78? Enter alert title: › ← Назад до Ко78? Enter alert title: › ← Назад до Ком78? Enter alert title: › ← Назад до Комп78? Enter alert title: › ← Назад до Компо78? Enter alert title: › ← Назад до Компон78? Enter alert title: › ← Назад до Компоне78? Enter alert title: › ← Назад до Компонен78? Enter alert title: › ← Назад до Компонент78? Enter alert title: › ← Назад до Компоненті78? Enter alert title: › ← Назад до Компонентів78✔ Enter alert title: … ← Назад до Компонентів78
==================================================
 Sandbox: > Alert > Default < 
==================================================
👀 LIVE PREVIEW:
━━━━━━━━━━━━━━━━━━━━━━━━━━━━━━━━━━━━━━━━━━━━━━━━━━━━━━━━━━━━
 ℹ ← Назад до Компонентів  
────────────────────────────────────────────────────────────
   This is a sandbox alert preview.
━━━━━━━━━━━━━━━━━━━━━━━━━━━━━━━━━━━━━━━━━━━━━━━━━━━━━━━━━━━━
==================================================
? Variant Options: › - Use arrow-keys. Return to submit.
❯   > Edit title (curr: ← Назад до Компон...)
    > Edit message (curr: This is a sandbox...)
    > Edit variant (curr: info)
    ↺ Reset to Defaults
    ← Back
✔ Variant Options: › > Edit title (curr: ← Назад до Компон...)
? Enter alert title: › ← Назад до Компонентів78