__   _ _______ __   _     _  _  _ _______ ______ 
| \  | |_____| | \  |     |  |  | |______ |_____] 
|  \_| |     | |  \_|  •  |__|__| |______ |_____] 
Navigation Components Demo
--- BREADCRUMBS ---
Home › NanoWeb › UI-CLI › Demos
Users / Admin / Settings
--- TABS ---
 General │ Profile │ Security │ Notifications 
 General │ Profile │ Security │ Notifications 
--- STEPS (WIZARD) ---
● Cart ─ ○ Shipping ─ ○ Payment ─ ○ Review
✔ Cart ─ ● Shipping ─ ○ Payment ─ ○ Review
✔ Cart ─ ✔ Shipping ─ ● Payment ─ ○ Review
✔ Cart ─ ✔ Shipping ─ ✔ Payment ─ ● Review
Press any key to continue...