__   _ _______ __   _     _  _  _ _______ ______ 
| \  | |_____| | \  |     |  |  | |______ |_____] 
|  \_| |     | |  \_|  •  |__|__| |______ |_____] 
Autocomplete Demo
Tip: Type to filter the list of countries.
? Search for a country: … 
no matches found? Search for a country: … U
no matches found? Search for a country: … Uk
no matches found? Search for a country: … Ukr
no matches found? Search for a country: … Ukra
no matches found? Search for a country: … Ukrai
no matches found? Search for a country: … Ukrain
no matches found? Search for a country: … Ukraine
no matches found✔ Search for a country: … Ukraine

--- STDERR ---
Selection cancelled.