__   _ _______ __   _     _  _  _ _______ ______ 
| \  | |_____| | \  |     |  |  | |______ |_____] 
|  \_| |     | |  \_|  •  |__|__| |______ |_____] 
Демо сортування
Перетасуйте: ↑/↓ — навігація, Пробіл — захопити, потім ↑/↓ — перемістити.
Сценарій 1: Зміна пріоритетів
✔ Встановіть порядок пріоритетів: high → medium → low → critical
Фінальний порядок: high → medium → low → critical